../Core/Src/main.c:82:9:read_lm75	24	static
../Core/Src/main.c:94:5:detect_fall	120	static
../Core/Src/main.c:118:5:detect	120	static
../Core/Src/main.c:129:6:adxl345_init	32	static
../Core/Src/main.c:144:6:adxl345_read	40	static
../Core/Src/main.c:166:5:main	160	static
../Core/Src/main.c:270:6:SystemClock_Config	88	static
../Core/Src/main.c:312:13:MX_ADC1_Init	24	static
../Core/Src/main.c:364:13:MX_I2C1_Init	8	static
../Core/Src/main.c:398:13:MX_USART2_UART_Init	8	static
../Core/Src/main.c:431:13:MX_GPIO_Init	40	static
../Core/Src/main.c:470:6:StartTempTask	24	static
../Core/Src/main.c:491:6:StartAdxlTask	24	static
../Core/Src/main.c:526:6:StartUartTask	128	static
../Core/Src/main.c:564:6:StartBuzzTask	144	static
../Core/Src/main.c:633:6:StartAdcTask	104	static
../Core/Src/main.c:662:6:Error_Handler	4	static,ignoring_inline_asm
